masara@masara:/opt/lampp/htdocs/sms$ git push 
fatal: The current branch main has no upstream branch.
To push the current branch and set the remote as upstream, use

    git push --set-upstream origin main

masara@masara:/opt/lampp/htdocs/sms$ git push -U origin main 
error: unknown switch `U'
usage: git push [<options>] [<repository> [<refspec>...]]

    -v, --verbose         be more verbose
    -q, --quiet           be more quiet
    --repo <repository>   repository
    --all                 push all refs
    --mirror              mirror all refs
    -d, --delete          delete refs
    --tags                push tags (can't be used with --all or --mirror)
    -n, --dry-run         dry run
    --porcelain           machine-readable output
    -f, --force           force updates
    --force-with-lease[=<refname>:<expect>]
                          require old value of ref to be at this value
    --recurse-submodules[=(check|on-demand|no)]
                          control recursive pushing of submodules
    --thin                use thin pack
    --receive-pack <receive-pack>
                          receive pack program
    --exec <receive-pack>
                          receive pack program
    -u, --set-upstream    set upstream for git pull/status
    --progress            force progress reporting
    --prune               prune locally removed refs
    --no-verify           bypass pre-push hook
    --follow-tags         push missing but relevant tags
    --signed[=(yes|no|if-asked)]
                          GPG sign the push
    --atomic              request atomic transaction on remote side
    -o, --push-option <server-specific>
                          option to transmit
    -4, --ipv4            use IPv4 addresses only
    -6, --ipv6            use IPv6 addresses only

masara@masara:/opt/lampp/htdocs/sms$ git push -u origin main 
Enumerating objects: 133, done.
Counting objects: 100% (133/133), done.
Delta compression using up to 4 threads
Compressing objects: 100% (116/116), done.
Writing objects: 100% (133/133), 69.31 KiB | 4.33 MiB/s, done.
Total 133 (delta 25), reused 0 (delta 0)
remote: Resolving deltas: 100% (25/25), done.
To github.com:Masara-james/student-management-system-laravel.git
 * [new branch]      main -> main
Branch 'main' set up to track remote branch 'main' from 'origin'.
masara@masara:/opt/lampp/htdocs/sms$ git remote -v
origin	git@github.com:Masara-james/student-management-system-laravel.git (fetch)
origin	git@github.com:Masara-james/student-management-system-laravel.git (push)
masara@masara:/opt/lampp/htdocs/sms$ touch git.txt
masara@masara:/opt/lampp/htdocs/sms$ gedit git.txt 

